ERROR 2026-08-26 09:18:38,111 log Internal Server Error: /historique/
Traceback (most recent call last):
  File "C:\Users\HP\Caisse_officier\CAISSE_OFFICIER\.venv\Lib\site-packages\django\core\handlers\exception.py", line 55, in inner
    response = get_response(request)
  File "C:\Users\HP\Caisse_officier\CAISSE_OFFICIER\.venv\Lib\site-packages\django\core\handlers\base.py", line 197, in _get_response
    response = wrapped_callback(request, *callback_args, **callback_kwargs)
  File "C:\Users\HP\Caisse_officier\CAISSE_OFFICIER\.venv\Lib\site-packages\django\contrib\auth\decorators.py", line 60, in _view_wrapper
    return view_func(request, *args, **kwargs)
  File "C:\Users\HP\Caisse_officier\CAISSE_OFFICIER\apps\dashboard\views.py", line 699, in historique
    "date": c.date_cotisation,
            ^^^^^^^^^^^^^^^^^
AttributeError: 'Cotisation' object has no attribute 'date_cotisation'
ERROR 2026-08-26 09:18:38,135 basehttp "GET /historique/ HTTP/1.1" 500 80628
ERROR 2026-08-26 09:20:48,613 log Internal Server Error: /historique/
Traceback (most recent call last):
  File "C:\Users\HP\Caisse_officier\CAISSE_OFFICIER\.venv\Lib\site-packages\django\core\handlers\exception.py", line 55, in inner
    response = get_response(request)
  File "C:\Users\HP\Caisse_officier\CAISSE_OFFICIER\.venv\Lib\site-packages\django\core\handlers\base.py", line 197, in _get_response
    response = wrapped_callback(request, *callback_args, **callback_kwargs)
  File "C:\Users\HP\Caisse_officier\CAISSE_OFFICIER\.venv\Lib\site-packages\django\contrib\auth\decorators.py", line 60, in _view_wrapper
    return view_func(request, *args, **kwargs)
  File "C:\Users\HP\Caisse_officier\CAISSE_OFFICIER\apps\dashboard\views.py", line 729, in historique
    return render(
        request,
    ...<3 lines>...
        }
    )
  File "C:\Users\HP\Caisse_officier\CAISSE_OFFICIER\.venv\Lib\site-packages\django\shortcuts.py", line 25, in render
    content = loader.render_to_string(template_name, context, request, using=using)
  File "C:\Users\HP\Caisse_officier\CAISSE_OFFICIER\.venv\Lib\site-packages\django\template\loader.py", line 62, in render_to_string
    return template.render(context, request)
           ~~~~~~~~~~~~~~~^^^^^^^^^^^^^^^^^^
  File "C:\Users\HP\Caisse_officier\CAISSE_OFFICIER\.venv\Lib\site-packages\django\template\backends\django.py", line 107, in render
    return self.template.render(context)
           ~~~~~~~~~~~~~~~~~~~~^^^^^^^^^
  File "C:\Users\HP\Caisse_officier\CAISSE_OFFICIER\.venv\Lib\site-packages\django\template\base.py", line 171, in render
    return self._render(context)
           ~~~~~~~~~~~~^^^^^^^^^
  File "C:\Users\HP\Caisse_officier\CAISSE_OFFICIER\.venv\Lib\site-packages\django\template\base.py", line 163, in _render
    return self.nodelist.render(context)
           ~~~~~~~~~~~~~~~~~~~~^^^^^^^^^
  File "C:\Users\HP\Caisse_officier\CAISSE_OFFICIER\.venv\Lib\site-packages\django\template\base.py", line 1008, in render
    return SafeString("".join([node.render_annotated(context) for node in self]))
                               ~~~~~~~~~~~~~~~~~~~~~^^^^^^^^^
  File "C:\Users\HP\Caisse_officier\CAISSE_OFFICIER\.venv\Lib\site-packages\django\template\base.py", line 969, in render_annotated
    return self.render(context)
           ~~~~~~~~~~~^^^^^^^^^
  File "C:\Users\HP\Caisse_officier\CAISSE_OFFICIER\.venv\Lib\site-packages\django\template\defaulttags.py", line 243, in render
    nodelist.append(node.render_annotated(context))
                    ~~~~~~~~~~~~~~~~~~~~~^^^^^^^^^
  File "C:\Users\HP\Caisse_officier\CAISSE_OFFICIER\.venv\Lib\site-packages\django\template\base.py", line 969, in render_annotated
    return self.render(context)
           ~~~~~~~~~~~^^^^^^^^^
  File "C:\Users\HP\Caisse_officier\CAISSE_OFFICIER\.venv\Lib\site-packages\django\template\base.py", line 1067, in render
    output = self.filter_expression.resolve(context)
  File "C:\Users\HP\Caisse_officier\CAISSE_OFFICIER\.venv\Lib\site-packages\django\template\base.py", line 745, in resolve
    new_obj = func(obj, *arg_vals)
  File "C:\Users\HP\Caisse_officier\CAISSE_OFFICIER\.venv\Lib\site-packages\django\template\defaultfilters.py", line 784, in date
    return formats.date_format(value, arg)
           ~~~~~~~~~~~~~~~~~~~^^^^^^^^^^^^
  File "C:\Users\HP\Caisse_officier\CAISSE_OFFICIER\.venv\Lib\site-packages\django\utils\formats.py", line 155, in date_format
    return dateformat.format(
           ~~~~~~~~~~~~~~~~~^
        value, get_format(format or "DATE_FORMAT", use_l10n=use_l10n)
        ^^^^^^^^^^^^^^^^^^^^^^^^^^^^^^^^^^^^^^^^^^^^^^^^^^^^^^^^^^^^^
    )
    ^
  File "C:\Users\HP\Caisse_officier\CAISSE_OFFICIER\.venv\Lib\site-packages\django\utils\dateformat.py", line 325, in format
    return df.format(format_string)
           ~~~~~~~~~^^^^^^^^^^^^^^^
  File "C:\Users\HP\Caisse_officier\CAISSE_OFFICIER\.venv\Lib\site-packages\django\utils\dateformat.py", line 45, in format
    raise TypeError(
    ...<2 lines>...
    )
TypeError: The format for date objects may not contain time-related format specifiers (found 'H').
ERROR 2026-08-26 09:20:48,635 basehttp "GET /historique/ HTTP/1.1" 500 155965
